<?php return array (
  0 => 'Symfony\\Bundle\\FrameworkBundle\\Controller\\AbstractController',
  1 => 'App\\Controller\\AuthController',
  2 => 'App\\Controller\\MainController',
  3 => 'App\\Controller\\UserController',
  4 => 'App\\Entity\\ConfigKeys',
  5 => 'App\\Entity\\Direct',
  6 => 'App\\Entity\\Email',
  7 => 'App\\Entity\\File',
  8 => 'App\\Entity\\Fournisseur',
  9 => 'App\\Entity\\Marche',
  10 => 'App\\Entity\\RefreshToken',
  11 => 'App\\Entity\\Situation',
  12 => 'App\\Entity\\Traits\\TimeStampableTrait',
  13 => 'App\\Entity\\User',
  14 => 'Doctrine\\Bundle\\DoctrineBundle\\Controller\\ProfilerController',
  15 => 'Doctrine\\ORM\\Cache\\Persister\\Entity\\AbstractEntityPersister',
  16 => 'Doctrine\\ORM\\Cache\\Persister\\Entity\\CachedEntityPersister',
  17 => 'Doctrine\\ORM\\Cache\\Persister\\Entity\\NonStrictReadWriteCachedEntityPersister',
  18 => 'Doctrine\\ORM\\Cache\\Persister\\Entity\\ReadOnlyCachedEntityPersister',
  19 => 'Doctrine\\ORM\\Cache\\Persister\\Entity\\ReadWriteCachedEntityPersister',
  20 => 'Doctrine\\ORM\\Persisters\\Entity\\AbstractEntityInheritancePersister',
  21 => 'Doctrine\\ORM\\Persisters\\Entity\\BasicEntityPersister',
  22 => 'Doctrine\\ORM\\Persisters\\Entity\\CachedPersisterContext',
  23 => 'Doctrine\\ORM\\Persisters\\Entity\\EntityPersister',
  24 => 'Doctrine\\ORM\\Persisters\\Entity\\JoinedSubclassPersister',
  25 => 'Doctrine\\ORM\\Persisters\\Entity\\SingleTablePersister',
  26 => 'Gesdinet\\JWTRefreshTokenBundle\\Entity\\AbstractRefreshToken',
  27 => 'Gesdinet\\JWTRefreshTokenBundle\\Entity\\RefreshToken',
  28 => 'Gesdinet\\JWTRefreshTokenBundle\\Entity\\RefreshTokenRepository',
  30 => 'Symfony\\Bundle\\FrameworkBundle\\Controller\\ControllerResolver',
  31 => 'Symfony\\Bundle\\FrameworkBundle\\Controller\\RedirectController',
  32 => 'Symfony\\Bundle\\FrameworkBundle\\Controller\\TemplateController',
  33 => 'Symfony\\Component\\HttpKernel\\Controller\\ArgumentResolver',
  34 => 'Symfony\\Component\\HttpKernel\\Controller\\ArgumentResolverInterface',
  35 => 'Symfony\\Component\\HttpKernel\\Controller\\ArgumentResolver\\DefaultValueResolver',
  36 => 'Symfony\\Component\\HttpKernel\\Controller\\ArgumentResolver\\NotTaggedControllerValueResolver',
  37 => 'Symfony\\Component\\HttpKernel\\Controller\\ArgumentResolver\\RequestAttributeValueResolver',
  38 => 'Symfony\\Component\\HttpKernel\\Controller\\ArgumentResolver\\RequestValueResolver',
  39 => 'Symfony\\Component\\HttpKernel\\Controller\\ArgumentResolver\\ServiceValueResolver',
  40 => 'Symfony\\Component\\HttpKernel\\Controller\\ArgumentResolver\\SessionValueResolver',
  41 => 'Symfony\\Component\\HttpKernel\\Controller\\ArgumentResolver\\TraceableValueResolver',
  42 => 'Symfony\\Component\\HttpKernel\\Controller\\ArgumentResolver\\VariadicValueResolver',
  43 => 'Symfony\\Component\\HttpKernel\\Controller\\ArgumentValueResolverInterface',
  44 => 'Symfony\\Component\\HttpKernel\\Controller\\ContainerControllerResolver',
  45 => 'Symfony\\Component\\HttpKernel\\Controller\\ControllerReference',
  46 => 'Symfony\\Component\\HttpKernel\\Controller\\ControllerResolver',
  47 => 'Symfony\\Component\\HttpKernel\\Controller\\ControllerResolverInterface',
  48 => 'Symfony\\Component\\HttpKernel\\Controller\\ErrorController',
  49 => 'Symfony\\Component\\HttpKernel\\Controller\\TraceableArgumentResolver',
  50 => 'Symfony\\Component\\HttpKernel\\Controller\\TraceableControllerResolver',
  51 => 'Symfony\\Component\\Security\\Http\\Controller\\UserValueResolver',
);